{
  "singleLine": false,
  "includeScopes": false,
  "timestampFormat": "HH:mm:ss ",
  "useUtcTimestamp": true,
  "jsonWriterOptions": {
    "indented": false
  }
}