{
  "default": "Debug",
  "microsoftAspNetCore": "Information",
  "aStar": "Error"
}