{
  "default": "Verbose",
  "override": {
    "microsoftAspNetCore": "",
    "systemNetHttp": "",
    "aStar": ""
  }
}