{
  "enrich": [],
  "writeTo": [],
  "minimumLevel": {
    "default": "Verbose",
    "override": {
      "microsoftAspNetCore": "",
      "systemNetHttp": "",
      "aStar": ""
    }
  }
}