{
  "serilog": {
    "enrich": [],
    "writeTo": [],
    "minimumLevel": {
      "default": "Verbose",
      "override": {
        "microsoftAspNetCore": "",
        "systemNetHttp": "",
        "aStar": ""
      }
    }
  },
  "logging": {
    "console": {
      "formatterName": "",
      "formatterOptions": {
        "singleLine": false,
        "includeScopes": false,
        "timestampFormat": "HH:mm:ss ",
        "useUtcTimestamp": true,
        "jsonWriterOptions": {
          "indented": false
        }
      }
    },
    "applicationInsights": {
      "logLevel": {
        "default": "",
        "microsoftAspNetCore": "",
        "aStar": ""
      }
    }
  }
}