{
  "default": "",
  "override": {
    "microsoftAspNetCore": "",
    "systemNetHttp": "",
    "aStar": ""
  }
}