[
  {
    "name": "Seq",
    "args": {
      "serverUrl": "http://seq:5341"
    }
  }
]