{
  "writeTo": {},
  "auditTo": {},
  "minimumLevel": {},
  "enrich": {},
  "filter": {},
  "destructure": {},
  "readFrom": {}
}